src/components/TemplateModal.tsx(30,7): error TS1136: Property assignment expected.
src/components/TemplateModal.tsx(30,28): error TS1005: '}' expected.
src/components/TemplateModal.tsx(30,30): error TS1003: Identifier expected.
src/components/TemplateModal.tsx(31,5): error TS1109: Expression expected.
src/components/TemplateModal.tsx(31,6): error TS1128: Declaration or statement expected.
src/components/TemplateModal.tsx(31,7): error TS1109: Expression expected.
src/components/TemplateModal.tsx(33,12): error TS1005: ';' expected.
src/components/TemplateModal.tsx(33,19): error TS1136: Property assignment expected.
src/components/TemplateModal.tsx(35,21): error TS1005: ';' expected.
src/components/TemplateModal.tsx(36,16): error TS1005: ';' expected.
src/components/TemplateModal.tsx(37,19): error TS1005: ';' expected.
src/components/TemplateModal.tsx(38,23): error TS1005: ';' expected.
src/components/TemplateModal.tsx(39,16): error TS1005: ';' expected.
src/components/TemplateModal.tsx(40,19): error TS1005: ';' expected.
src/components/TemplateModal.tsx(41,8): error TS1128: Declaration or statement expected.
src/components/TemplateModal.tsx(41,9): error TS1109: Expression expected.
src/components/TemplateModal.tsx(43,14): error TS1005: ';' expected.
src/components/TemplateModal.tsx(43,21): error TS1136: Property assignment expected.
src/components/TemplateModal.tsx(43,50): error TS1005: ';' expected.
src/components/TemplateModal.tsx(43,65): error TS1005: ';' expected.
src/components/TemplateModal.tsx(43,75): error TS1128: Declaration or statement expected.
src/components/TemplateModal.tsx(43,76): error TS1109: Expression expected.
src/components/TemplateModal.tsx(44,11): error TS2657: JSX expressions must have one parent element.
src/components/TemplateModal.tsx(48,9): error TS1128: Declaration or statement expected.
src/components/TemplateModal.tsx(51,14): error TS1005: ';' expected.
src/components/TemplateModal.tsx(51,21): error TS1136: Property assignment expected.
src/components/TemplateModal.tsx(51,50): error TS1005: ';' expected.
src/components/TemplateModal.tsx(51,83): error TS1005: ';' expected.
src/components/TemplateModal.tsx(51,114): error TS1005: ';' expected.
src/components/TemplateModal.tsx(51,129): error TS1005: ';' expected.
src/components/TemplateModal.tsx(51,164): error TS1128: Declaration or statement expected.
src/components/TemplateModal.tsx(51,165): error TS1109: Expression expected.
src/components/TemplateModal.tsx(52,11): error TS2657: JSX expressions must have one parent element.
src/components/TemplateModal.tsx(70,9): error TS1128: Declaration or statement expected.
src/components/TemplateModal.tsx(73,14): error TS1005: ';' expected.
src/components/TemplateModal.tsx(73,21): error TS1136: Property assignment expected.
src/components/TemplateModal.tsx(73,50): error TS1005: ';' expected.
src/components/TemplateModal.tsx(73,65): error TS1005: ';' expected.
src/components/TemplateModal.tsx(73,75): error TS1128: Declaration or statement expected.
src/components/TemplateModal.tsx(73,76): error TS1109: Expression expected.
src/components/TemplateModal.tsx(74,11): error TS2657: JSX expressions must have one parent element.
src/components/TemplateModal.tsx(90,9): error TS1128: Declaration or statement expected.
src/components/TemplateModal.tsx(91,7): error TS1109: Expression expected.
src/components/TemplateModal.tsx(94,12): error TS1005: ';' expected.
src/components/TemplateModal.tsx(94,19): error TS1136: Property assignment expected.
src/components/TemplateModal.tsx(94,42): error TS1005: ';' expected.
src/components/TemplateModal.tsx(94,57): error TS1005: ';' expected.
src/components/TemplateModal.tsx(94,83): error TS1005: ';' expected.
src/components/TemplateModal.tsx(94,102): error TS1005: ';' expected.
src/components/TemplateModal.tsx(94,120): error TS1005: ';' expected.
src/components/TemplateModal.tsx(94,132): error TS1128: Declaration or statement expected.
src/components/TemplateModal.tsx(94,133): error TS1109: Expression expected.
src/components/TemplateModal.tsx(111,7): error TS1128: Declaration or statement expected.
src/components/TemplateModal.tsx(112,5): error TS1109: Expression expected.
src/components/TemplateModal.tsx(113,3): error TS1109: Expression expected.
src/components/TemplateModal.tsx(114,1): error TS1128: Declaration or statement expected.
